105199 brk(NULL)                        = 0x558e08509000
105199 mmap(NULL, 8192, PROT_READ|PROT_WRITE, MAP_PRIVATE|MAP_ANONYMOUS, -1, 0) = 0x74286563f000
105199 mmap(NULL, 24175, PROT_READ, MAP_PRIVATE, 3, 0) = 0x742865639000
105199 mmap(NULL, 2170256, PROT_READ, MAP_PRIVATE|MAP_DENYWRITE, 3, 0) = 0x742865400000
105199 mmap(0x742865428000, 1605632, PROT_READ|PROT_EXEC, MAP_PRIVATE|MAP_FIXED|MAP_DENYWRITE, 3, 0x28000) = 0x742865428000
105199 mmap(0x7428655b0000, 323584, PROT_READ, MAP_PRIVATE|MAP_FIXED|MAP_DENYWRITE, 3, 0x1b0000) = 0x7428655b0000
105199 mmap(0x7428655ff000, 24576, PROT_READ|PROT_WRITE, MAP_PRIVATE|MAP_FIXED|MAP_DENYWRITE, 3, 0x1fe000) = 0x7428655ff000
105199 mmap(0x742865605000, 52624, PROT_READ|PROT_WRITE, MAP_PRIVATE|MAP_FIXED|MAP_ANONYMOUS, -1, 0) = 0x742865605000
105199 mmap(NULL, 12288, PROT_READ|PROT_WRITE, MAP_PRIVATE|MAP_ANONYMOUS, -1, 0) = 0x742865636000
105199 munmap(0x742865639000, 24175)    = 0
105199 brk(NULL)                        = 0x558e08509000
105199 brk(0x558e0852a000)              = 0x558e0852a000
105199 mmap(NULL, 258, PROT_READ, MAP_PRIVATE, 3, 0) = 0x74286563e000
105199 mmap(NULL, 27028, PROT_READ, MAP_SHARED, 3, 0) = 0x74286562f000
105199 mmap(NULL, 23, PROT_READ, MAP_PRIVATE, 3, 0) = 0x74286563d000
105199 mmap(NULL, 47, PROT_READ, MAP_PRIVATE, 3, 0) = 0x74286563c000
105199 mmap(NULL, 127, PROT_READ, MAP_PRIVATE, 3, 0) = 0x74286563b000
105199 mmap(NULL, 62, PROT_READ, MAP_PRIVATE, 3, 0) = 0x74286563a000
105199 mmap(NULL, 34, PROT_READ, MAP_PRIVATE, 3, 0) = 0x742865639000
105199 mmap(NULL, 48, PROT_READ, MAP_PRIVATE, 3, 0) = 0x74286562e000
105199 mmap(NULL, 270, PROT_READ, MAP_PRIVATE, 3, 0) = 0x74286562d000
105199 mmap(NULL, 1406, PROT_READ, MAP_PRIVATE, 3, 0) = 0x74286562c000
105199 mmap(NULL, 3360, PROT_READ, MAP_PRIVATE, 3, 0) = 0x74286562b000
105199 mmap(NULL, 50, PROT_READ, MAP_PRIVATE, 3, 0) = 0x74286562a000
105199 mmap(NULL, 360460, PROT_READ, MAP_PRIVATE, 3, 0) = 0x7428653a7000
105199 brk(NULL)                        = 0x6494b919f000
105199 mmap(NULL, 8192, PROT_READ|PROT_WRITE, MAP_PRIVATE|MAP_ANONYMOUS, -1, 0) = 0x745db3d0f000
105199 mmap(NULL, 34280, PROT_READ, MAP_PRIVATE|MAP_DENYWRITE, 3, 0) = 0x745db3d06000
105199 mmap(0x745db3d08000, 12288, PROT_READ|PROT_EXEC, MAP_PRIVATE|MAP_FIXED|MAP_DENYWRITE, 3, 0x2000) = 0x745db3d08000
105199 mmap(0x745db3d0b000, 4096, PROT_READ, MAP_PRIVATE|MAP_FIXED|MAP_DENYWRITE, 3, 0x5000) = 0x745db3d0b000
105199 mmap(0x745db3d0c000, 8192, PROT_READ|PROT_WRITE, MAP_PRIVATE|MAP_FIXED|MAP_DENYWRITE, 3, 0x5000) = 0x745db3d0c000
105199 mmap(0x745db3d0e000, 1512, PROT_READ|PROT_WRITE, MAP_PRIVATE|MAP_FIXED|MAP_ANONYMOUS, -1, 0) = 0x745db3d0e000
105199 mmap(NULL, 24175, PROT_READ, MAP_PRIVATE, 3, 0) = 0x745db3d00000
105199 mmap(NULL, 2170256, PROT_READ, MAP_PRIVATE|MAP_DENYWRITE, 3, 0) = 0x745db3a00000
105199 mmap(0x745db3a28000, 1605632, PROT_READ|PROT_EXEC, MAP_PRIVATE|MAP_FIXED|MAP_DENYWRITE, 3, 0x28000) = 0x745db3a28000
105199 mmap(0x745db3bb0000, 323584, PROT_READ, MAP_PRIVATE|MAP_FIXED|MAP_DENYWRITE, 3, 0x1b0000) = 0x745db3bb0000
105199 mmap(0x745db3bff000, 24576, PROT_READ|PROT_WRITE, MAP_PRIVATE|MAP_FIXED|MAP_DENYWRITE, 3, 0x1fe000) = 0x745db3bff000
105199 mmap(0x745db3c05000, 52624, PROT_READ|PROT_WRITE, MAP_PRIVATE|MAP_FIXED|MAP_ANONYMOUS, -1, 0) = 0x745db3c05000
105199 mmap(NULL, 12288, PROT_READ|PROT_WRITE, MAP_PRIVATE|MAP_ANONYMOUS, -1, 0) = 0x745db3cfd000
105199 munmap(0x745db3d00000, 24175)    = 0
105199 mmap(NULL, 16, PROT_READ|PROT_WRITE, MAP_PRIVATE|MAP_ANONYMOUS, -1, 0) = 0x745db3d05000
105199 mmap(NULL, 570, PROT_READ|PROT_WRITE, MAP_PRIVATE|MAP_ANONYMOUS, -1, 0) = 0x745db3d04000
105199 mmap(NULL, 10240, PROT_READ|PROT_WRITE, MAP_PRIVATE|MAP_ANONYMOUS, -1, 0) = 0x745db3d01000
105199 munmap(0x745db3d05000, 8)        = 0
105199 munmap(0x745db3d04000, 8)        = 0
105199 munmap(0x745db3d01000, 8)        = 0
105199 mmap(NULL, 8, PROT_READ|PROT_WRITE, MAP_PRIVATE|MAP_ANONYMOUS, -1, 0) = 0x745db3d05000
105199 mmap(NULL, 128, PROT_READ|PROT_WRITE, MAP_PRIVATE|MAP_ANONYMOUS, -1, 0) = 0x745db3d04000
105199 munmap(0x745db3d05000, 8)        = 0
105199 munmap(0x745db3d04000, 8)        = 0
105199 mmap(NULL, 8392704, PROT_NONE, MAP_PRIVATE|MAP_ANONYMOUS|MAP_STACK, -1, 0) = 0x745db31ff000
105199 brk(NULL)                        = 0x6494b919f000
105199 brk(0x6494b91c0000)              = 0x6494b91c0000
105199 mmap(NULL, 8392704, PROT_NONE, MAP_PRIVATE|MAP_ANONYMOUS|MAP_STACK, -1, 0) = 0x745db29fe000
105200 mmap(NULL, 64, PROT_READ|PROT_WRITE, MAP_PRIVATE|MAP_ANONYMOUS, -1, 0) = 0x745db3d05000
105199 mmap(NULL, 8392704, PROT_NONE, MAP_PRIVATE|MAP_ANONYMOUS|MAP_STACK, -1, 0 <unfinished ...>
105200 munmap(0x745db3d05000, 8 <unfinished ...>
105199 <... mmap resumed>)              = 0x745db21fd000
105200 <... munmap resumed>)            = 0
105200 mmap(NULL, 1048576, PROT_READ|PROT_WRITE, MAP_PRIVATE|MAP_ANONYMOUS, -1, 0) = 0x745db20fd000
105201 mmap(NULL, 1064, PROT_READ|PROT_WRITE, MAP_PRIVATE|MAP_ANONYMOUS, -1, 0 <unfinished ...>
105200 munmap(0x745db20fd000, 8 <unfinished ...>
105201 <... mmap resumed>)              = 0x745db3d05000
105200 <... munmap resumed>)            = 0
105199 mmap(NULL, 8392704, PROT_NONE, MAP_PRIVATE|MAP_ANONYMOUS|MAP_STACK, -1, 0) = 0x745db18fd000
105201 mmap(NULL, 64, PROT_READ|PROT_WRITE, MAP_PRIVATE|MAP_ANONYMOUS, -1, 0) = 0x745db3d04000
105202 mmap(NULL, 64, PROT_READ|PROT_WRITE, MAP_PRIVATE|MAP_ANONYMOUS, -1, 0) = 0x745db3d01000
105201 munmap(0x745db3d04000, 8)        = 0
105199 mmap(NULL, 8392704, PROT_NONE, MAP_PRIVATE|MAP_ANONYMOUS|MAP_STACK, -1, 0 <unfinished ...>
105200 +++ exited with 0 +++
105199 <... mmap resumed>)              = 0x745db10fc000
105202 munmap(0x745db3d01000, 8 <unfinished ...>
105201 mmap(NULL, 1048576, PROT_READ|PROT_WRITE, MAP_PRIVATE|MAP_ANONYMOUS, -1, 0 <unfinished ...>
105202 <... munmap resumed>)            = 0
105201 <... mmap resumed>)              = 0x745db0ffc000
105202 mmap(NULL, 1048576, PROT_READ|PROT_WRITE, MAP_PRIVATE|MAP_ANONYMOUS, -1, 0) = 0x745db0efc000
105203 mmap(NULL, 64, PROT_READ|PROT_WRITE, MAP_PRIVATE|MAP_ANONYMOUS, -1, 0 <unfinished ...>
105201 munmap(0x745db0ffc000, 8 <unfinished ...>
105203 <... mmap resumed>)              = 0x745db3d04000
105201 <... munmap resumed>)            = 0
105199 mmap(NULL, 8392704, PROT_NONE, MAP_PRIVATE|MAP_ANONYMOUS|MAP_STACK, -1, 0 <unfinished ...>
105202 munmap(0x745db0efc000, 8 <unfinished ...>
105199 <... mmap resumed>)              = 0x745db06fb000
105202 <... munmap resumed>)            = 0
105203 munmap(0x745db3d04000, 8)        = 0
105204 mmap(NULL, 64, PROT_READ|PROT_WRITE, MAP_PRIVATE|MAP_ANONYMOUS, -1, 0 <unfinished ...>
105203 mmap(NULL, 1048576, PROT_READ|PROT_WRITE, MAP_PRIVATE|MAP_ANONYMOUS, -1, 0 <unfinished ...>
105204 <... mmap resumed>)              = 0x745db3d04000
105203 <... mmap resumed>)              = 0x745db05fb000
105204 munmap(0x745db3d04000, 8 <unfinished ...>
105199 mmap(NULL, 8392704, PROT_NONE, MAP_PRIVATE|MAP_ANONYMOUS|MAP_STACK, -1, 0) = 0x745dafdfa000
105204 <... munmap resumed>)            = 0
105203 munmap(0x745db05fb000, 8 <unfinished ...>
105201 +++ exited with 0 +++
105204 mmap(NULL, 1048576, PROT_READ|PROT_WRITE, MAP_PRIVATE|MAP_ANONYMOUS, -1, 0 <unfinished ...>
105203 <... munmap resumed>)            = 0
105202 +++ exited with 0 +++
105204 <... mmap resumed>)              = 0x745dafcfa000
105204 munmap(0x745dafcfa000, 8)        = 0
105205 mmap(NULL, 64, PROT_READ|PROT_WRITE, MAP_PRIVATE|MAP_ANONYMOUS, -1, 0) = 0x745db3d04000
105199 mmap(NULL, 8392704, PROT_NONE, MAP_PRIVATE|MAP_ANONYMOUS|MAP_STACK, -1, 0) = 0x745daf4fa000
105203 +++ exited with 0 +++
105205 munmap(0x745db3d04000, 8 <unfinished ...>
105206 mmap(NULL, 64, PROT_READ|PROT_WRITE, MAP_PRIVATE|MAP_ANONYMOUS, -1, 0 <unfinished ...>
105205 <... munmap resumed>)            = 0
105206 <... mmap resumed>)              = 0x745db3d04000
105205 mmap(NULL, 1048576, PROT_READ|PROT_WRITE, MAP_PRIVATE|MAP_ANONYMOUS, -1, 0 <unfinished ...>
105204 +++ exited with 0 +++
105205 <... mmap resumed>)              = 0x745daf3fa000
105206 munmap(0x745db3d04000, 8 <unfinished ...>
105199 mmap(NULL, 8392704, PROT_NONE, MAP_PRIVATE|MAP_ANONYMOUS|MAP_STACK, -1, 0) = 0x745daebf9000
105206 <... munmap resumed>)            = 0
105206 mmap(NULL, 1048576, PROT_READ|PROT_WRITE, MAP_PRIVATE|MAP_ANONYMOUS, -1, 0 <unfinished ...>
105205 munmap(0x745daf3fa000, 8 <unfinished ...>
105206 <... mmap resumed>)              = 0x745daeaf9000
105205 <... munmap resumed>)            = 0
105207 mmap(NULL, 64, PROT_READ|PROT_WRITE, MAP_PRIVATE|MAP_ANONYMOUS, -1, 0) = 0x745db3d04000
105206 munmap(0x745daeaf9000, 8)        = 0
105199 mmap(NULL, 8392704, PROT_NONE, MAP_PRIVATE|MAP_ANONYMOUS|MAP_STACK, -1, 0) = 0x745dae2f9000
105207 munmap(0x745db3d04000, 8)        = 0
105207 mmap(NULL, 1048576, PROT_READ|PROT_WRITE, MAP_PRIVATE|MAP_ANONYMOUS, -1, 0) = 0x745dae1f9000
105205 +++ exited with 0 +++
105208 mmap(NULL, 64, PROT_READ|PROT_WRITE, MAP_PRIVATE|MAP_ANONYMOUS, -1, 0) = 0x745db3d04000
105207 munmap(0x745dae1f9000, 8 <unfinished ...>
105199 munmap(0x6494b919f2a0, 8)        = -1 EINVAL (Invalid argument)
105207 <... munmap resumed>)            = 0
105206 +++ exited with 0 +++
105208 munmap(0x745db3d04000, 8 <unfinished ...>
105199 munmap(0x745db31ff000, 8392704 <unfinished ...>
105208 <... munmap resumed>)            = 0
105199 <... munmap resumed>)            = 0
105209 mmap(NULL, 64, PROT_READ|PROT_WRITE, MAP_PRIVATE|MAP_ANONYMOUS, -1, 0 <unfinished ...>
105199 munmap(0x6494b919f3d0, 8)        = -1 EINVAL (Invalid argument)
105209 <... mmap resumed>)              = 0x745db3d04000
105199 munmap(0x745db29fe000, 8392704)  = 0
105208 mmap(NULL, 1048576, PROT_READ|PROT_WRITE, MAP_PRIVATE|MAP_ANONYMOUS, -1, 0 <unfinished ...>
105199 munmap(0x6494b919f500, 8 <unfinished ...>
105208 <... mmap resumed>)              = 0x745db3900000
105207 +++ exited with 0 +++
105199 <... munmap resumed>)            = -1 EINVAL (Invalid argument)
105209 munmap(0x745db3d04000, 8)        = 0
105209 mmap(NULL, 1048576, PROT_READ|PROT_WRITE, MAP_PRIVATE|MAP_ANONYMOUS, -1, 0 <unfinished ...>
105199 munmap(0x745db21fd000, 8392704 <unfinished ...>
105209 <... mmap resumed>)              = 0x745db3800000
105199 <... munmap resumed>)            = 0
105199 munmap(0x6494b919f630, 8 <unfinished ...>
105208 munmap(0x745db3900000, 8 <unfinished ...>
105199 <... munmap resumed>)            = -1 EINVAL (Invalid argument)
105208 <... munmap resumed>)            = 0
105209 munmap(0x745db3800000, 8 <unfinished ...>
105199 munmap(0x745db18fd000, 8392704 <unfinished ...>
105209 <... munmap resumed>)            = 0
105199 <... munmap resumed>)            = 0
105208 +++ exited with 0 +++
105199 munmap(0x6494b919f760, 8 <unfinished ...>
105209 +++ exited with 0 +++
105199 <... munmap resumed>)            = -1 EINVAL (Invalid argument)
105199 munmap(0x745db10fc000, 8392704)  = 0
105199 munmap(0x6494b919f890, 8)        = -1 EINVAL (Invalid argument)
105199 munmap(0x745db06fb000, 8392704)  = 0
105199 munmap(0x745db3d05000, 1064)     = 0
105199 +++ exited with 0 +++
